14:21:01 **** Build of configuration Debug for project Ikaros_F411RE ****
make -j8 all 
arm-none-eabi-gcc -mcpu=cortex-m4 -g3 -DDEBUG -c -x assembler-with-cpp -MMD -MP -MF"Startup/startup_stm32f411retx.d" -MT"Startup/startup_stm32f411retx.o" --specs=nano.specs -mfloat-abi=soft -mthumb -o "Startup/startup_stm32f411retx.o" "../Startup/startup_stm32f411retx.s"
arm-none-eabi-gcc "../Src/gpios.c" -mcpu=cortex-m4 -std=gnu11 -g3 -DDEBUG -DNUCLEO_F411RE -DSTM32 -DSTM32F4 -DSTM32F411RETx -c -I../Inc -O0 -ffunction-sections -fdata-sections -Wall -fstack-usage -fcyclomatic-complexity -MMD -MP -MF"Src/gpios.d" -MT"Src/gpios.o" --specs=nano.specs -mfloat-abi=soft -mthumb -o "Src/gpios.o"
arm-none-eabi-gcc "../Src/keypad_4x4.c" -mcpu=cortex-m4 -std=gnu11 -g3 -DDEBUG -DNUCLEO_F411RE -DSTM32 -DSTM32F4 -DSTM32F411RETx -c -I../Inc -O0 -ffunction-sections -fdata-sections -Wall -fstack-usage -fcyclomatic-complexity -MMD -MP -MF"Src/keypad_4x4.d" -MT"Src/keypad_4x4.o" --specs=nano.specs -mfloat-abi=soft -mthumb -o "Src/keypad_4x4.o"
arm-none-eabi-gcc "../Src/main.c" -mcpu=cortex-m4 -std=gnu11 -g3 -DDEBUG -DNUCLEO_F411RE -DSTM32 -DSTM32F4 -DSTM32F411RETx -c -I../Inc -O0 -ffunction-sections -fdata-sections -Wall -fstack-usage -fcyclomatic-complexity -MMD -MP -MF"Src/main.d" -MT"Src/main.o" --specs=nano.specs -mfloat-abi=soft -mthumb -o "Src/main.o"
arm-none-eabi-gcc "../Src/stepper_motor.c" -mcpu=cortex-m4 -std=gnu11 -g3 -DDEBUG -DNUCLEO_F411RE -DSTM32 -DSTM32F4 -DSTM32F411RETx -c -I../Inc -O0 -ffunction-sections -fdata-sections -Wall -fstack-usage -fcyclomatic-complexity -MMD -MP -MF"Src/stepper_motor.d" -MT"Src/stepper_motor.o" --specs=nano.specs -mfloat-abi=soft -mthumb -o "Src/stepper_motor.o"
arm-none-eabi-gcc "../Src/syscalls.c" -mcpu=cortex-m4 -std=gnu11 -g3 -DDEBUG -DNUCLEO_F411RE -DSTM32 -DSTM32F4 -DSTM32F411RETx -c -I../Inc -O0 -ffunction-sections -fdata-sections -Wall -fstack-usage -fcyclomatic-complexity -MMD -MP -MF"Src/syscalls.d" -MT"Src/syscalls.o" --specs=nano.specs -mfloat-abi=soft -mthumb -o "Src/syscalls.o"
arm-none-eabi-gcc "../Src/sysmem.c" -mcpu=cortex-m4 -std=gnu11 -g3 -DDEBUG -DNUCLEO_F411RE -DSTM32 -DSTM32F4 -DSTM32F411RETx -c -I../Inc -O0 -ffunction-sections -fdata-sections -Wall -fstack-usage -fcyclomatic-complexity -MMD -MP -MF"Src/sysmem.d" -MT"Src/sysmem.o" --specs=nano.specs -mfloat-abi=soft -mthumb -o "Src/sysmem.o"
arm-none-eabi-gcc "../Src/system_settings.c" -mcpu=cortex-m4 -std=gnu11 -g3 -DDEBUG -DNUCLEO_F411RE -DSTM32 -DSTM32F4 -DSTM32F411RETx -c -I../Inc -O0 -ffunction-sections -fdata-sections -Wall -fstack-usage -fcyclomatic-complexity -MMD -MP -MF"Src/system_settings.d" -MT"Src/system_settings.o" --specs=nano.specs -mfloat-abi=soft -mthumb -o "Src/system_settings.o"
arm-none-eabi-gcc -o "Ikaros_F411RE.elf" @"objects.list"   -mcpu=cortex-m4 -T"C:\Users\S4IOT\Desktop\STMCube_Courses\Bare-Metal\Proyecto_personal\Ikaros_F411RE\STM32F411RETX_FLASH.ld" --specs=nosys.specs -Wl,-Map="Ikaros_F411RE.map" -Wl,--gc-sections -static --specs=nano.specs -mfloat-abi=soft -mthumb -u _printf_float -Wl,--start-group -lc -lm -Wl,--end-group
Finished building target: Ikaros_F411RE.elf
 
arm-none-eabi-size  Ikaros_F411RE.elf 
arm-none-eabi-objdump -h -S Ikaros_F411RE.elf  > "Ikaros_F411RE.list"
   text	   data	    bss	    dec	    hex	filename
  16760	    464	   1904	  19128	   4ab8	Ikaros_F411RE.elf
Finished building: default.size.stdout
 
Finished building: Ikaros_F411RE.list
 

14:21:03 Build Finished. 0 errors, 0 warnings. (took 2s.151ms)

